Archive member included because of file (symbol)

c:/program files (x86)/atmel/atmel toolchain/avr8 gcc/native/3.4.1061/avr8-gnu-toolchain/bin/../lib/gcc/avr/4.8.1/../../../../avr/lib/avr5\libm.a(addsf3.o)
                              src/arduino/cores/arduino/Print.o (__subsf3)
c:/program files (x86)/atmel/atmel toolchain/avr8 gcc/native/3.4.1061/avr8-gnu-toolchain/bin/../lib/gcc/avr/4.8.1/../../../../avr/lib/avr5\libm.a(addsf3x.o)
                              c:/program files (x86)/atmel/atmel toolchain/avr8 gcc/native/3.4.1061/avr8-gnu-toolchain/bin/../lib/gcc/avr/4.8.1/../../../../avr/lib/avr5\libm.a(addsf3.o) (__addsf3x)
c:/program files (x86)/atmel/atmel toolchain/avr8 gcc/native/3.4.1061/avr8-gnu-toolchain/bin/../lib/gcc/avr/4.8.1/../../../../avr/lib/avr5\libm.a(cmpsf2.o)
                              src/arduino/cores/arduino/Print.o (__ltsf2)
c:/program files (x86)/atmel/atmel toolchain/avr8 gcc/native/3.4.1061/avr8-gnu-toolchain/bin/../lib/gcc/avr/4.8.1/../../../../avr/lib/avr5\libm.a(divsf3.o)
                              src/arduino/cores/arduino/Print.o (__divsf3)
c:/program files (x86)/atmel/atmel toolchain/avr8 gcc/native/3.4.1061/avr8-gnu-toolchain/bin/../lib/gcc/avr/4.8.1/../../../../avr/lib/avr5\libm.a(divsf3x.o)
                              c:/program files (x86)/atmel/atmel toolchain/avr8 gcc/native/3.4.1061/avr8-gnu-toolchain/bin/../lib/gcc/avr/4.8.1/../../../../avr/lib/avr5\libm.a(divsf3.o) (__divsf3x)
c:/program files (x86)/atmel/atmel toolchain/avr8 gcc/native/3.4.1061/avr8-gnu-toolchain/bin/../lib/gcc/avr/4.8.1/../../../../avr/lib/avr5\libm.a(fixsfsi.o)
                              src/arduino/cores/arduino/Print.o (__fixsfsi)
c:/program files (x86)/atmel/atmel toolchain/avr8 gcc/native/3.4.1061/avr8-gnu-toolchain/bin/../lib/gcc/avr/4.8.1/../../../../avr/lib/avr5\libm.a(fixunssfsi.o)
                              src/arduino/cores/arduino/Print.o (__fixunssfsi)
c:/program files (x86)/atmel/atmel toolchain/avr8 gcc/native/3.4.1061/avr8-gnu-toolchain/bin/../lib/gcc/avr/4.8.1/../../../../avr/lib/avr5\libm.a(floatsisf.o)
                              src/arduino/cores/arduino/Print.o (__floatunsisf)
c:/program files (x86)/atmel/atmel toolchain/avr8 gcc/native/3.4.1061/avr8-gnu-toolchain/bin/../lib/gcc/avr/4.8.1/../../../../avr/lib/avr5\libm.a(fp_cmp.o)
                              c:/program files (x86)/atmel/atmel toolchain/avr8 gcc/native/3.4.1061/avr8-gnu-toolchain/bin/../lib/gcc/avr/4.8.1/../../../../avr/lib/avr5\libm.a(cmpsf2.o) (__fp_cmp)
c:/program files (x86)/atmel/atmel toolchain/avr8 gcc/native/3.4.1061/avr8-gnu-toolchain/bin/../lib/gcc/avr/4.8.1/../../../../avr/lib/avr5\libm.a(fp_inf.o)
                              c:/program files (x86)/atmel/atmel toolchain/avr8 gcc/native/3.4.1061/avr8-gnu-toolchain/bin/../lib/gcc/avr/4.8.1/../../../../avr/lib/avr5\libm.a(addsf3x.o) (__fp_inf)
c:/program files (x86)/atmel/atmel toolchain/avr8 gcc/native/3.4.1061/avr8-gnu-toolchain/bin/../lib/gcc/avr/4.8.1/../../../../avr/lib/avr5\libm.a(fp_nan.o)
                              c:/program files (x86)/atmel/atmel toolchain/avr8 gcc/native/3.4.1061/avr8-gnu-toolchain/bin/../lib/gcc/avr/4.8.1/../../../../avr/lib/avr5\libm.a(addsf3x.o) (__fp_nan)
c:/program files (x86)/atmel/atmel toolchain/avr8 gcc/native/3.4.1061/avr8-gnu-toolchain/bin/../lib/gcc/avr/4.8.1/../../../../avr/lib/avr5\libm.a(fp_pscA.o)
                              c:/program files (x86)/atmel/atmel toolchain/avr8 gcc/native/3.4.1061/avr8-gnu-toolchain/bin/../lib/gcc/avr/4.8.1/../../../../avr/lib/avr5\libm.a(addsf3x.o) (__fp_pscA)
c:/program files (x86)/atmel/atmel toolchain/avr8 gcc/native/3.4.1061/avr8-gnu-toolchain/bin/../lib/gcc/avr/4.8.1/../../../../avr/lib/avr5\libm.a(fp_pscB.o)
                              c:/program files (x86)/atmel/atmel toolchain/avr8 gcc/native/3.4.1061/avr8-gnu-toolchain/bin/../lib/gcc/avr/4.8.1/../../../../avr/lib/avr5\libm.a(addsf3x.o) (__fp_pscB)
c:/program files (x86)/atmel/atmel toolchain/avr8 gcc/native/3.4.1061/avr8-gnu-toolchain/bin/../lib/gcc/avr/4.8.1/../../../../avr/lib/avr5\libm.a(fp_round.o)
                              c:/program files (x86)/atmel/atmel toolchain/avr8 gcc/native/3.4.1061/avr8-gnu-toolchain/bin/../lib/gcc/avr/4.8.1/../../../../avr/lib/avr5\libm.a(addsf3.o) (__fp_round)
c:/program files (x86)/atmel/atmel toolchain/avr8 gcc/native/3.4.1061/avr8-gnu-toolchain/bin/../lib/gcc/avr/4.8.1/../../../../avr/lib/avr5\libm.a(fp_split3.o)
                              c:/program files (x86)/atmel/atmel toolchain/avr8 gcc/native/3.4.1061/avr8-gnu-toolchain/bin/../lib/gcc/avr/4.8.1/../../../../avr/lib/avr5\libm.a(addsf3x.o) (__fp_split3)
c:/program files (x86)/atmel/atmel toolchain/avr8 gcc/native/3.4.1061/avr8-gnu-toolchain/bin/../lib/gcc/avr/4.8.1/../../../../avr/lib/avr5\libm.a(fp_zero.o)
[...]
Memory Configuration

Name             Origin             Length             Attributes
text             0x00000000         0x00020000         xr
data             0x00800060         0x0000ffa0         rw !x
eeprom           0x00810000         0x00010000         rw !x
fuse             0x00820000         0x00000400         rw !x
lock             0x00830000         0x00000400         rw !x
signature        0x00840000         0x00000400         rw !x
user_signatures  0x00850000         0x00000400         rw !x
*default*        0x00000000         0xffffffff

Linker script and memory map

Address of section .data set to 0x800100
LOAD c:/program files (x86)/atmel/atmel toolchain/avr8 gcc/native/3.4.1061/avr8-gnu-toolchain/bin/../lib/gcc/avr/4.8.1/../../../../avr/lib/avr5/crtm328p.o
LOAD src/arduino/cores/arduino/abi.o
LOAD src/arduino/cores/arduino/CDC.o
LOAD src/arduino/cores/arduino/HardwareSerial.o
LOAD src/arduino/cores/arduino/HardwareSerial0.o
LOAD src/arduino/cores/arduino/HardwareSerial1.o
LOAD src/arduino/cores/arduino/HardwareSerial2.o
LOAD src/arduino/cores/arduino/HardwareSerial3.o
LOAD src/arduino/cores/arduino/HID.o
LOAD src/arduino/cores/arduino/hooks.o
LOAD src/arduino/cores/arduino/IPAddress.o
LOAD src/arduino/cores/arduino/main.o
LOAD src/arduino/cores/arduino/new.o
LOAD src/arduino/cores/arduino/Print.o
LOAD src/arduino/cores/arduino/Stream.o
LOAD src/arduino/cores/arduino/Tone.o
LOAD src/arduino/cores/arduino/USBCore.o
LOAD src/arduino/cores/arduino/WInterrupts.o
LOAD src/arduino/cores/arduino/wiring.o
LOAD src/arduino/cores/arduino/wiring_analog.o
LOAD src/arduino/cores/arduino/wiring_digital.o
LOAD src/arduino/cores/arduino/wiring_pulse.o
LOAD src/arduino/cores/arduino/wiring_shift.o
LOAD src/arduino/cores/arduino/WMath.o
LOAD src/arduino/cores/arduino/WString.o
LOAD src/ProjectFiles/ProjectMain.o
START GROUP
LOAD c:/program files (x86)/atmel/atmel toolchain/avr8 gcc/native/3.4.1061/avr8-gnu-toolchain/bin/../lib/gcc/avr/4.8.1/../../../../avr/lib/avr5\libm.a
END GROUP
LOAD c:/program files (x86)/atmel/atmel toolchain/avr8 gcc/native/3.4.1061/avr8-gnu-toolchain/bin/../lib/gcc/avr/4.8.1/avr5\libgcc.a
LOAD c:/program files (x86)/atmel/atmel toolchain/avr8 gcc/native/3.4.1061/avr8-gnu-toolchain/bin/../lib/gcc/avr/4.8.1/../../../../avr/lib/avr5\libm.a
START GROUP
LOAD c:/program files (x86)/atmel/atmel toolchain/avr8 gcc/native/3.4.1061/avr8-gnu-toolchain/bin/../lib/gcc/avr/4.8.1/avr5\libgcc.a
LOAD c:/program files (x86)/atmel/atmel toolchain/avr8 gcc/native/3.4.1061/avr8-gnu-toolchain/bin/../lib/gcc/avr/4.8.1/../../../../avr/lib/avr5\libm.a
LOAD c:/program files (x86)/atmel/atmel toolchain/avr8 gcc/native/3.4.1061/avr8-gnu-toolchain/bin/../lib/gcc/avr/4.8.1/../../../../avr/lib/avr5\libc.a
END GROUP

.hash
 *(.hash)

.dynsym
 *(.dynsym)

.dynstr
 *(.dynstr)

.gnu.version
 *(.gnu.version)

.gnu.version_d
 *(.gnu.version_d)

.gnu.version_r
 *(.gnu.version_r)

.rel.init
 *(.rel.init)

.rela.init
 *(.rela.init)

.rel.text
 *(.rel.text)
 *(.rel.text.*)
 *(.rel.gnu.linkonce.t*)

.rela.text
 *(.rela.text)
 *(.rela.text.*)
 *(.rela.gnu.linkonce.t*)

.rel.fini
 *(.rel.fini)

.rela.fini
 *(.rela.fini)

.rel.rodata
 *(.rel.rodata)
 *(.rel.rodata.*)
 *(.rel.gnu.linkonce.r*)

.rela.rodata
 *(.rela.rodata)
 *(.rela.rodata.*)
 *(.rela.gnu.linkonce.r*)

.rel.data
 *(.rel.data)
 *(.rel.data.*)
 *(.rel.gnu.linkonce.d*)

.rela.data
 *(.rela.data)
 *(.rela.data.*)
 *(.rela.gnu.linkonce.d*)

.rel.ctors
 *(.rel.ctors)

.rela.ctors
 *(.rela.ctors)

.rel.dtors
 *(.rel.dtors)

.rela.dtors
 *(.rela.dtors)

.rel.got
 *(.rel.got)

.rela.got
 *(.rela.got)

.rel.bss
 *(.rel.bss)

.rela.bss
 *(.rela.bss)

.rel.plt
 *(.rel.plt)

.rela.plt
 *(.rela.plt)

.text           0x00000000      0xcc4
 *(.vectors)
 .vectors       0x00000000       0x68 c:/program files (x86)/atmel/atmel toolchain/avr8 gcc/native/3.4.1061/avr8-gnu-toolchain/bin/../lib/gcc/avr/4.8.1/../../../../avr/lib/avr5/crtm328p.o
                0x00000000                __vector_default
                0x00000000                __vectors
 *(.vectors)
 *(.progmem.gcc*)
                0x00000068                . = ALIGN (0x2)
                0x00000068                __trampolines_start = .
 *(.trampolines)
 .trampolines   0x00000068        0x0 linker stubs
 *(.trampolines*)
                0x00000068                __trampolines_end = .
 *(.progmem*)
 .progmem.data._ZL21tone_pin_to_timer_PGM
                0x00000068        0x1 src/arduino/cores/arduino/Tone.o
 .progmem.data.digital_pin_to_timer_PGM
                0x00000069       0x14 src/arduino/cores/arduino/wiring_digital.o
                0x00000069                digital_pin_to_timer_PGM
 .progmem.data.digital_pin_to_bit_mask_PGM
                0x0000007d       0x14 src/arduino/cores/arduino/wiring_digital.o
                0x0000007d                digital_pin_to_bit_mask_PGM
 .progmem.data.digital_pin_to_port_PGM
                0x00000091       0x14 src/arduino/cores/arduino/wiring_digital.o
                0x00000091                digital_pin_to_port_PGM
 .progmem.data.port_to_output_PGM
                0x000000a5        0xa src/arduino/cores/arduino/wiring_digital.o
                0x000000a5                port_to_output_PGM
                0x000000b0                . = ALIGN (0x2)
 *fill*         0x000000af        0x1 
 *(.jumptables)
 *(.jumptables*)
 *(.lowtext)
 *(.lowtext*)
                0x000000b0                __ctors_start = .
 *(.ctors)
 .ctors         0x000000b0        0x2 src/arduino/cores/arduino/HardwareSerial0.o
 .ctors         0x000000b2        0x2 src/arduino/cores/arduino/IPAddress.o
 .ctors         0x000000b4        0x2 src/ProjectFiles/ProjectMain.o
                0x000000b6                __ctors_end = .
                0x000000b6                __dtors_start = .
 *(.dtors)
                0x000000b6                __dtors_end = .
 SORT(*)(.ctors)
 SORT(*)(.dtors)
 *(.init0)
 .init0         0x000000b6        0x0 c:/program files (x86)/atmel/atmel toolchain/avr8 gcc/native/3.4.1061/avr8-gnu-toolchain/bin/../lib/gcc/avr/4.8.1/../../../../avr/lib/avr5/crtm328p.o
                0x000000b6                __init
 *(.init0)
 *(.init1)
 *(.init1)
 *(.init2)
 .init2         0x000000b6        0xc c:/program files (x86)/atmel/atmel toolchain/avr8 gcc/native/3.4.1061/avr8-gnu-toolchain/bin/../lib/gcc/avr/4.8.1/../../../../avr/lib/avr5/crtm328p.o
 *(.init2)
 *(.init3)
 *(.init3)
 *(.init4)
 .init4         0x000000c2       0x16 c:/program files (x86)/atmel/atmel toolchain/avr8 gcc/native/3.4.1061/avr8-gnu-toolchain/bin/../lib/gcc/avr/4.8.1/avr5\libgcc.a(_copy_data.o)
                0x000000c2                __do_copy_data
 .init4         0x000000d8       0x10 c:/program files (x86)/atmel/atmel toolchain/avr8 gcc/native/3.4.1061/avr8-gnu-toolchain/bin/../lib/gcc/avr/4.8.1/avr5\libgcc.a(_clear_bss.o)
                0x000000d8                __do_clear_bss
 *(.init4)
 *(.init5)
 *(.init5)
 *(.init6)
 .init6         0x000000e8       0x16 c:/program files (x86)/atmel/atmel toolchain/avr8 gcc/native/3.4.1061/avr8-gnu-toolchain/bin/../lib/gcc/avr/4.8.1/avr5\libgcc.a(_ctors.o)
                0x000000e8                __do_global_ctors
 *(.init6)
 *(.init7)
 *(.init7)
 *(.init8)
 *(.init8)
 *(.init9)
 .init9         0x000000fe        0x8 c:/program files (x86)/atmel/atmel toolchain/avr8 gcc/native/3.4.1061/avr8-gnu-toolchain/bin/../lib/gcc/avr/4.8.1/../../../../avr/lib/avr5/crtm328p.o
 *(.init9)
 *(.text)
 .text          0x00000106        0x4 c:/program files (x86)/atmel/atmel toolchain/avr8 gcc/native/3.4.1061/avr8-gnu-toolchain/bin/../lib/gcc/avr/4.8.1/../../../../avr/lib/avr5/crtm328p.o
                0x00000106                __vector_22
                0x00000106                __vector_24
                0x00000106                __vector_12
                0x00000106                __bad_interrupt
                0x00000106                __vector_6
                0x00000106                __vector_3
                0x00000106                __vector_23
                0x00000106                __vector_25
                0x00000106                __vector_11
                0x00000106                __vector_17
                0x00000106                __vector_5
                0x00000106                __vector_4
                0x00000106                __vector_9
                0x00000106                __vector_21
                0x00000106                __vector_15
                0x00000106                __vector_8
                0x00000106                __vector_14
                0x00000106                __vector_10
                0x00000106                __vector_20
                0x0000010a                . = ALIGN (0x2)
 *(.text.*)
 .text._ZN14HardwareSerial9availableEv
                0x0000010a       0x16 src/arduino/cores/arduino/HardwareSerial.o
                0x0000010a                _ZN14HardwareSerial9availableEv
 .text._ZN14HardwareSerial4peekEv
                0x00000120       0x1c src/arduino/cores/arduino/HardwareSerial.o
                0x00000120                _ZN14HardwareSerial4peekEv
 .text._ZN14HardwareSerial4readEv
                0x0000013c       0x28 src/arduino/cores/arduino/HardwareSerial.o
                0x0000013c                _ZN14HardwareSerial4readEv
 .text._Z14serialEventRunv
                0x00000164       0x1c src/arduino/cores/arduino/HardwareSerial.o
                0x00000164                _Z14serialEventRunv
 .text._ZN14HardwareSerial17_tx_udr_empty_irqEv
                0x00000180       0x42 src/arduino/cores/arduino/HardwareSerial.o
                0x00000180                _ZN14HardwareSerial17_tx_udr_empty_irqEv
 .text._ZN14HardwareSerial5flushEv
                0x000001c2       0x4a src/arduino/cores/arduino/HardwareSerial.o
                0x000001c2                _ZN14HardwareSerial5flushEv
 .text._ZN14HardwareSerial5writeEh
                0x0000020c       0x88 src/arduino/cores/arduino/HardwareSerial.o
                0x0000020c                _ZN14HardwareSerial5writeEh
 .text._ZN14HardwareSerial5beginEmh
                0x00000294       0xcc src/arduino/cores/arduino/HardwareSerial.o
                0x00000294                _ZN14HardwareSerial5beginEmh
 .text._ZN14HardwareSerial17availableForWriteEv
                0x00000360       0x24 src/arduino/cores/arduino/HardwareSerial.o
                0x00000360                _ZN14HardwareSerial17availableForWriteEv
 .text.__vector_18
                0x00000384       0x76 src/arduino/cores/arduino/HardwareSerial0.o
                0x00000384                __vector_18
 .text.__vector_19
                0x000003fa       0x4c src/arduino/cores/arduino/HardwareSerial0.o
                0x000003fa                __vector_19
 .text._Z17Serial0_availablev
                0x00000446       0x14 src/arduino/cores/arduino/HardwareSerial0.o
                0x00000446                _Z17Serial0_availablev
 .text._GLOBAL__sub_I___vector_18
                0x0000045a       0x86 src/arduino/cores/arduino/HardwareSerial0.o
 .text._ZNK9IPAddress7printToER5Print
                0x000004e0       0x74 src/arduino/cores/arduino/IPAddress.o
                0x000004e0                _ZNK9IPAddress7printToER5Print
 .text._ZN9IPAddressC2Ehhhh
                0x00000554       0x18 src/arduino/cores/arduino/IPAddress.o
                0x00000554                _ZN9IPAddressC2Ehhhh
                0x00000554                _ZN9IPAddressC1Ehhhh
 .text._GLOBAL__sub_I__ZN9IPAddressC2Ev
                0x0000056c       0x16 src/arduino/cores/arduino/IPAddress.o
 .text.initVariant
                0x00000582        0x2 src/arduino/cores/arduino/main.o
                0x00000582                initVariant
 .text.main     0x00000584       0x28 src/arduino/cores/arduino/main.o
                0x00000584                main
 .text._ZN5Print5writeEPKhj
                0x000005ac       0x5c src/arduino/cores/arduino/Print.o
                0x000005ac                _ZN5Print5writeEPKhj
 .text._ZN5Print5printEc
                0x00000608       0x10 src/arduino/cores/arduino/Print.o
                0x00000608                _ZN5Print5printEc
 .text._ZN5Print11printNumberEmh
                0x00000618       0xf6 src/arduino/cores/arduino/Print.o
                0x00000618                _ZN5Print11printNumberEmh
 .text._ZN5Print5printEmi
                0x0000070e       0x1e src/arduino/cores/arduino/Print.o
                0x0000070e                _ZN5Print5printEmi
 .text._ZN5Print5printEhi
                0x0000072c       0x10 src/arduino/cores/arduino/Print.o
                0x0000072c                _ZN5Print5printEhi
 .text._Z12disableTimerh
                0x0000073c       0x40 src/arduino/cores/arduino/Tone.o
                0x0000073c                _Z12disableTimerh
 .text._Z6noToneh
                0x0000077c       0x2c src/arduino/cores/arduino/Tone.o
                0x0000077c                _Z6noToneh
 .text.__vector_7
                0x000007a8       0xb8 src/arduino/cores/arduino/Tone.o
                0x000007a8                __vector_7
 .text.__vector_1
                0x00000860       0x5a src/arduino/cores/arduino/WInterrupts.o
                0x00000860                __vector_1
 .text.__vector_2
                0x000008ba       0x5a src/arduino/cores/arduino/WInterrupts.o
                0x000008ba                __vector_2
 .text.__vector_16
                0x00000914       0x94 src/arduino/cores/arduino/wiring.o
                0x00000914                __vector_16
 .text.init     0x000009a8       0x76 src/arduino/cores/arduino/wiring.o
                0x000009a8                init
 .text.turnOffPWM
                0x00000a1e       0x5e src/arduino/cores/arduino/wiring_digital.o
 .text.digitalWrite
                0x00000a7c       0x62 src/arduino/cores/arduino/wiring_digital.o
                0x00000a7c                digitalWrite
 .text._Z8task20msv
                0x00000ade        0x2 src/ProjectFiles/ProjectMain.o
                0x00000ade                _Z8task20msv
 .text._Z8task40msv
                0x00000ae0        0x2 src/ProjectFiles/ProjectMain.o
                0x00000ae0                _Z8task40msv
 .text._Z8task60msv
                0x00000ae2        0x2 src/ProjectFiles/ProjectMain.o
                0x00000ae2                _Z8task60msv
 .text._Z10task1000msv
                0x00000ae4        0x2 src/ProjectFiles/ProjectMain.o
                0x00000ae4                _Z10task1000msv
 .text.loop     0x00000ae6       0x60 src/ProjectFiles/ProjectMain.o
                0x00000ae6                loop
 .text._Z11timer0_initv
                0x00000b46       0x16 src/ProjectFiles/ProjectMain.o
                0x00000b46                _Z11timer0_initv
 .text._Z11timer1_initv
                0x00000b5c       0x28 src/ProjectFiles/ProjectMain.o
                0x00000b5c                _Z11timer1_initv
 .text.setup    0x00000b84       0x34 src/ProjectFiles/ProjectMain.o
                0x00000b84                setup
 .text.__vector_13
                0x00000bb8       0x38 src/ProjectFiles/ProjectMain.o
                0x00000bb8                __vector_13
 .text._GLOBAL__sub_I_debugBuffer_au8
                0x00000bf0        0x8 src/ProjectFiles/ProjectMain.o
 .text._Z22processSerialDebugDatav
                0x00000bf8       0x4a src/ProjectFiles/ProjectMain.o
                0x00000bf8                _Z22processSerialDebugDatav
 .text._Z9task100msv
                0x00000c42        0x6 src/ProjectFiles/ProjectMain.o
                0x00000c42                _Z9task100msv
 .text.libgcc.div
                0x00000c48       0x28 c:/program files (x86)/atmel/atmel toolchain/avr8 gcc/native/3.4.1061/avr8-gnu-toolchain/bin/../lib/gcc/avr/4.8.1/avr5\libgcc.a(_udivmodhi4.o)
                0x00000c48                __udivmodhi4
 .text.libgcc.div
                0x00000c70       0x44 c:/program files (x86)/atmel/atmel toolchain/avr8 gcc/native/3.4.1061/avr8-gnu-toolchain/bin/../lib/gcc/avr/4.8.1/avr5\libgcc.a(_udivmodsi4.o)
                0x00000c70                __udivmodsi4
 .text.libgcc   0x00000cb4        0xc c:/program files (x86)/atmel/atmel toolchain/avr8 gcc/native/3.4.1061/avr8-gnu-toolchain/bin/../lib/gcc/avr/4.8.1/avr5\libgcc.a(_tablejump.o)
                0x00000cb4                __tablejump2__
                0x00000cb8                __tablejump__
                0x00000cc0                . = ALIGN (0x2)
 *(.fini9)
 .fini9         0x00000cc0        0x0 c:/program files (x86)/atmel/atmel toolchain/avr8 gcc/native/3.4.1061/avr8-gnu-toolchain/bin/../lib/gcc/avr/4.8.1/avr5\libgcc.a(_exit.o)
                0x00000cc0                _exit
                0x00000cc0                exit
 *(.fini9)
 *(.fini8)
 *(.fini8)
 *(.fini7)
 *(.fini7)
 *(.fini6)
 *(.fini6)
 *(.fini5)
 *(.fini5)
 *(.fini4)
 *(.fini4)
 *(.fini3)
 *(.fini3)
 *(.fini2)
 *(.fini2)
 *(.fini1)
 *(.fini1)
 *(.fini0)
 .fini0         0x00000cc0        0x4 c:/program files (x86)/atmel/atmel toolchain/avr8 gcc/native/3.4.1061/avr8-gnu-toolchain/bin/../lib/gcc/avr/4.8.1/avr5\libgcc.a(_exit.o)
 *(.fini0)
                0x00000cc4                _etext = .

.data           0x00800100       0x2c load address 0x00000cc4
                0x00800100                PROVIDE (__data_start, .)
 *(.data)
 *(.data*)
 .data._ZL9tone_pins
                0x00800100        0x1 src/arduino/cores/arduino/Tone.o
 .data._ZL8tasks_st
                0x00800101       0x14 src/ProjectFiles/ProjectMain.o
 *(.rodata)
 *(.rodata*)
 .rodata._ZTV14HardwareSerial
                0x00800115       0x10 src/arduino/cores/arduino/HardwareSerial.o
                0x00800115                _ZTV14HardwareSerial
 .rodata._ZTV9IPAddress
                0x00800125        0x6 src/arduino/cores/arduino/IPAddress.o
                0x00800125                _ZTV9IPAddress
 *(.gnu.linkonce.d*)
                0x0080012c                . = ALIGN (0x2)
 *fill*         0x0080012b        0x1 
                0x0080012c                _edata = .
                0x0080012c                PROVIDE (__data_end, .)

.bss            0x0080012c      0x1be
                0x0080012c                PROVIDE (__bss_start, .)
 *(.bss)
 *(.bss*)
 .bss.Serial    0x0080012c       0x9d src/arduino/cores/arduino/HardwareSerial0.o
                0x0080012c                Serial
 .bss._ZL11INADDR_NONE
                0x008001c9        0x6 src/arduino/cores/arduino/IPAddress.o
 .bss.timer2_pin_mask
                0x008001cf        0x1 src/arduino/cores/arduino/Tone.o
                0x008001cf                timer2_pin_mask
 .bss.timer2_pin_port
                0x008001d0        0x2 src/arduino/cores/arduino/Tone.o
                0x008001d0                timer2_pin_port
 .bss.timer2_toggle_count
                0x008001d2        0x4 src/arduino/cores/arduino/Tone.o
                0x008001d2                timer2_toggle_count
 .bss.intFunc   0x008001d6        0x4 src/arduino/cores/arduino/WInterrupts.o
 .bss.timer0_fract
                0x008001da        0x1 src/arduino/cores/arduino/wiring.o
 .bss.timer0_millis
                0x008001db        0x4 src/arduino/cores/arduino/wiring.o
                0x008001db                timer0_millis
 .bss.timer0_overflow_count
                0x008001df        0x4 src/arduino/cores/arduino/wiring.o
                0x008001df                timer0_overflow_count
 .bss._ZZ22processSerialDebugDatavE4flag
                0x008001e3        0x1 src/ProjectFiles/ProjectMain.o
 .bss._ZL7taskPtr
                0x008001e4        0x2 src/ProjectFiles/ProjectMain.o
 .bss._ZL17cui_numberOfTasks
                0x008001e6        0x1 src/ProjectFiles/ProjectMain.o
 .bss.taskTimeCounter_u8
                0x008001e7        0x1 src/ProjectFiles/ProjectMain.o
                0x008001e7                taskTimeCounter_u8
 .bss.taskTimeCounterFlag_u8
                0x008001e8        0x1 src/ProjectFiles/ProjectMain.o
                0x008001e8                taskTimeCounterFlag_u8
 .bss.stui_TaskIndex
                0x008001e9        0x1 src/ProjectFiles/ProjectMain.o
                0x008001e9                stui_TaskIndex
 .bss.debugArrIndex_u8
                0x008001ea        0x1 src/ProjectFiles/ProjectMain.o
                0x008001ea                debugArrIndex_u8
 .bss.debugBuffer_au8
                0x008001eb       0xff src/ProjectFiles/ProjectMain.o
                0x008001eb                debugBuffer_au8
 *(COMMON)
                0x008002ea                PROVIDE (__bss_end, .)
                0x00000cc4                __data_load_start = LOADADDR (.data)
                0x00000cf0                __data_load_end = (__data_load_start + SIZEOF (.data))

.noinit         0x008002ea        0x0
                0x008002ea                PROVIDE (__noinit_start, .)
 *(.noinit*)
                0x008002ea                PROVIDE (__noinit_end, .)
                0x008002ea                _end = .
                0x008002ea                PROVIDE (__heap_start, .)

.eeprom         0x00810000        0x0
 *(.eeprom*)
                0x00810000                __eeprom_end = .

.fuse
 *(.fuse)
 *(.lfuse)
 *(.hfuse)
 *(.efuse)

.lock
 *(.lock*)

.signature
 *(.signature*)

.user_signatures
 *(.user_signatures*)

.stab
 *(.stab)

.stabstr
 *(.stabstr)

.stab.excl
 *(.stab.excl)

.stab.exclstr
 *(.stab.exclstr)

.stab.index
 *(.stab.index)

.stab.indexstr
 *(.stab.indexstr)

.comment        0x00000000       0x30
 *(.comment)
 .comment       0x00000000       0x30 src/arduino/cores/arduino/HardwareSerial.o
                                 0x31 (size before relaxing)
 .comment       0x00000000       0x31 src/arduino/cores/arduino/HardwareSerial0.o
 .comment       0x00000000       0x31 src/arduino/cores/arduino/IPAddress.o
 .comment       0x00000000       0x31 src/arduino/cores/arduino/main.o
 .comment       0x00000000       0x31 src/arduino/cores/arduino/Print.o
 .comment       0x00000000       0x31 src/arduino/cores/arduino/Tone.o
 .comment       0x00000000       0x31 src/arduino/cores/arduino/WInterrupts.o
 .comment       0x00000000       0x31 src/arduino/cores/arduino/wiring.o
 .comment       0x00000000       0x31 src/arduino/cores/arduino/wiring_digital.o
 .comment       0x00000000       0x31 src/ProjectFiles/ProjectMain.o

.note.gnu.build-id
 *(.note.gnu.build-id)

.debug
 *(.debug)

.line
 *(.line)

.debug_srcinfo
 *(.debug_srcinfo)

.debug_sfnames
 *(.debug_sfnames)

.debug_aranges  0x00000000      0x398
 *(.debug_aranges)
 .debug_aranges
                0x00000000       0x68 src/arduino/cores/arduino/HardwareSerial.o
 .debug_aranges
                0x00000068       0x38 src/arduino/cores/arduino/HardwareSerial0.o
 .debug_aranges
                0x000000a0       0x60 src/arduino/cores/arduino/IPAddress.o
 .debug_aranges
                0x00000100       0x30 src/arduino/cores/arduino/main.o
 .debug_aranges
                0x00000130       0xe8 src/arduino/cores/arduino/Print.o
 .debug_aranges
                0x00000218       0x38 src/arduino/cores/arduino/Tone.o
 .debug_aranges
                0x00000250       0x38 src/arduino/cores/arduino/WInterrupts.o
 .debug_aranges
                0x00000288       0x48 src/arduino/cores/arduino/wiring.o
 .debug_aranges
                0x000002d0       0x38 src/arduino/cores/arduino/wiring_digital.o
 .debug_aranges
                0x00000308       0x90 src/ProjectFiles/ProjectMain.o

.debug_pubnames
 *(.debug_pubnames)

.debug_info     0x00000000     0x799b
 *(.debug_info .gnu.linkonce.wi.*)
 .debug_info    0x00000000     0x1a0d src/arduino/cores/arduino/HardwareSerial.o
 .debug_info    0x00001a0d     0x16e2 src/arduino/cores/arduino/HardwareSerial0.o
 .debug_info    0x000030ef      0x96d src/arduino/cores/arduino/IPAddress.o
 .debug_info    0x00003a5c      0x202 src/arduino/cores/arduino/main.o
 .debug_info    0x00003c5e     0x259b src/arduino/cores/arduino/Print.o
 .debug_info    0x000061f9      0x73f src/arduino/cores/arduino/Tone.o
 .debug_info    0x00006938      0x200 src/arduino/cores/arduino/WInterrupts.o
 .debug_info    0x00006b38      0x2bb src/arduino/cores/arduino/wiring.o
 .debug_info    0x00006df3      0x5d6 src/arduino/cores/arduino/wiring_digital.o
 .debug_info    0x000073c9      0x5d2 src/ProjectFiles/ProjectMain.o

.debug_abbrev   0x00000000     0x178f
 *(.debug_abbrev)
 .debug_abbrev  0x00000000      0x369 src/arduino/cores/arduino/HardwareSerial.o
 .debug_abbrev  0x00000369      0x35d src/arduino/cores/arduino/HardwareSerial0.o
 .debug_abbrev  0x000006c6      0x34f src/arduino/cores/arduino/IPAddress.o
 .debug_abbrev  0x00000a15       0xd7 src/arduino/cores/arduino/main.o
 .debug_abbrev  0x00000aec      0x3b9 src/arduino/cores/arduino/Print.o
 .debug_abbrev  0x00000ea5      0x261 src/arduino/cores/arduino/Tone.o
 .debug_abbrev  0x00001106       0xe6 src/arduino/cores/arduino/WInterrupts.o
 .debug_abbrev  0x000011ec      0x145 src/arduino/cores/arduino/wiring.o
 .debug_abbrev  0x00001331      0x149 src/arduino/cores/arduino/wiring_digital.o
 .debug_abbrev  0x0000147a      0x315 src/ProjectFiles/ProjectMain.o

.debug_line     0x00000000     0x1667
 *(.debug_line .debug_line.* .debug_line_end)
 .debug_line    0x00000000      0x308 src/arduino/cores/arduino/HardwareSerial.o
 .debug_line    0x00000308      0x234 src/arduino/cores/arduino/HardwareSerial0.o
 .debug_line    0x0000053c      0x271 src/arduino/cores/arduino/IPAddress.o
 .debug_line    0x000007ad      0x149 src/arduino/cores/arduino/main.o
 .debug_line    0x000008f6      0x43b src/arduino/cores/arduino/Print.o
 .debug_line    0x00000d31      0x1dd src/arduino/cores/arduino/Tone.o
 .debug_line    0x00000f0e      0x15b src/arduino/cores/arduino/WInterrupts.o
 .debug_line    0x00001069      0x1ac src/arduino/cores/arduino/wiring.o
 .debug_line    0x00001215      0x172 src/arduino/cores/arduino/wiring_digital.o
 .debug_line    0x00001387      0x2e0 src/ProjectFiles/ProjectMain.o

.debug_frame    0x00000000      0xadc
 *(.debug_frame)
 .debug_frame   0x00000000       0xf8 src/arduino/cores/arduino/HardwareSerial.o
 .debug_frame   0x000000f8       0xcc src/arduino/cores/arduino/HardwareSerial0.o
 .debug_frame   0x000001c4       0xe8 src/arduino/cores/arduino/IPAddress.o
 .debug_frame   0x000002ac       0x44 src/arduino/cores/arduino/main.o
 .debug_frame   0x000002f0      0x3b8 src/arduino/cores/arduino/Print.o
 .debug_frame   0x000006a8      0x100 src/arduino/cores/arduino/Tone.o
 .debug_frame   0x000007a8       0xe4 src/arduino/cores/arduino/WInterrupts.o
 .debug_frame   0x0000088c       0xbc src/arduino/cores/arduino/wiring.o
 .debug_frame   0x00000948       0x7c src/arduino/cores/arduino/wiring_digital.o
 .debug_frame   0x000009c4      0x118 src/ProjectFiles/ProjectMain.o

.debug_str      0x00000000     0x1e20
 *(.debug_str)
 .debug_str     0x00000000     0x10e1 src/arduino/cores/arduino/HardwareSerial.o
                               0x1173 (size before relaxing)
 .debug_str     0x000010e1       0x9c src/arduino/cores/arduino/HardwareSerial0.o
                                0xf6d (size before relaxing)
 .debug_str     0x0000117d      0x267 src/arduino/cores/arduino/IPAddress.o
                                0x4bd (size before relaxing)
 .debug_str     0x000013e4       0x4e src/arduino/cores/arduino/main.o
                                0x1fc (size before relaxing)
 .debug_str     0x00001432      0x391 src/arduino/cores/arduino/Print.o
                                0xe2d (size before relaxing)
 .debug_str     0x000017c3      0x1c1 src/arduino/cores/arduino/Tone.o
                                0x388 (size before relaxing)
 .debug_str     0x00001984      0x13b src/arduino/cores/arduino/WInterrupts.o
                                0x1e9 (size before relaxing)
 .debug_str     0x00001abf       0x96 src/arduino/cores/arduino/wiring.o
                                0x1fb (size before relaxing)
 .debug_str     0x00001b55       0x81 src/arduino/cores/arduino/wiring_digital.o
                                0x269 (size before relaxing)
 .debug_str     0x00001bd6      0x24a src/ProjectFiles/ProjectMain.o
                                0x521 (size before relaxing)

.debug_loc      0x00000000     0x3b5a
 *(.debug_loc)
 .debug_loc     0x00000000      0x3e7 src/arduino/cores/arduino/HardwareSerial.o
 .debug_loc     0x000003e7      0x17b src/arduino/cores/arduino/HardwareSerial0.o
 .debug_loc     0x00000562      0x27f src/arduino/cores/arduino/IPAddress.o
 .debug_loc     0x000007e1       0x26 src/arduino/cores/arduino/main.o
 .debug_loc     0x00000807     0x1f08 src/arduino/cores/arduino/Print.o
 .debug_loc     0x0000270f      0x94b src/arduino/cores/arduino/Tone.o
 .debug_loc     0x0000305a      0x214 src/arduino/cores/arduino/WInterrupts.o
 .debug_loc     0x0000326e      0x22a src/arduino/cores/arduino/wiring.o
 .debug_loc     0x00003498      0x61f src/arduino/cores/arduino/wiring_digital.o
 .debug_loc     0x00003ab7       0xa3 src/ProjectFiles/ProjectMain.o

.debug_macinfo
 *(.debug_macinfo)

.debug_weaknames
 *(.debug_weaknames)

.debug_funcnames
 *(.debug_funcnames)

.debug_typenames
 *(.debug_typenames)

.debug_varnames
 *(.debug_varnames)

.debug_pubtypes
 *(.debug_pubtypes)

.debug_ranges   0x00000000      0x3b8
 *(.debug_ranges)
 .debug_ranges  0x00000000       0x58 src/arduino/cores/arduino/HardwareSerial.o
 .debug_ranges  0x00000058       0x28 src/arduino/cores/arduino/HardwareSerial0.o
 .debug_ranges  0x00000080       0x68 src/arduino/cores/arduino/IPAddress.o
 .debug_ranges  0x000000e8       0x20 src/arduino/cores/arduino/main.o
 .debug_ranges  0x00000108      0x150 src/arduino/cores/arduino/Print.o
 .debug_ranges  0x00000258       0x58 src/arduino/cores/arduino/Tone.o
 .debug_ranges  0x000002b0       0x28 src/arduino/cores/arduino/WInterrupts.o
 .debug_ranges  0x000002d8       0x38 src/arduino/cores/arduino/wiring.o
 .debug_ranges  0x00000310       0x28 src/arduino/cores/arduino/wiring_digital.o
 .debug_ranges  0x00000338       0x80 src/ProjectFiles/ProjectMain.o

.debug_macro
 *(.debug_macro)
OUTPUT(ArduinoUNO.elf elf32-avr)
LOAD linker stubs
